1773586130233	geckodriver	INFO	Listening on 127.0.0.1:59814
1773586133373	mozrunner::runner	INFO	Running command: "C:\\Program Files\\Mozilla Firefox\\firefox.exe" "--marionette" "--remote-debugging-port" "59815" "--remote-allow-hosts" "localhost" "-no-remote" "-profile" "C:\\Users\\riyam\\AppData\\Local\\Temp\\rust_mozprofilepSzB4F"
console.warn: services.settings: Ignoring preference override of remote settings server
console.warn: services.settings: Allow by setting MOZ_REMOTE_SETTINGS_DEVTOOLS=1 in the environment
Dynamically enable window occlusion 0
1773586134088	Marionette	INFO	Marionette enabled
1773586134323	Marionette	INFO	Listening on port 59822
Read port: 59822
WebDriver BiDi listening on ws://127.0.0.1:59815
1773586134620	RemoteAgent	WARN	TLS certificate errors will be ignored for this session
[GFX1-]: Calling WaitFlushedEvent::Run: is delayed: 2157
JavaScript error: jar:file:///C:/Program%20Files/Mozilla%20Firefox/browser/omni.ja!/chrome/browser/builtin-addons/webcompat/experiment-apis/matchPatterns.js, line 18: NS_ERROR_MALFORMED_URI: 
console.warn: LoginRecipes: "Falling back to a synchronous message for: https://login.microsoftonline.com."
console.warn: LoginRecipes: "Falling back to a synchronous message for: https://login.microsoftonline.com."
console.warn: LoginRecipes: "Falling back to a synchronous message for: https://login.microsoftonline.com."
console.error: [Exception... "Component is not available"  nsresult: "0x80040111 (NS_ERROR_NOT_AVAILABLE)"  location: "<unknown>"  data: no]
1773586152478	Marionette	WARN	Ignoring event 'DOMContentLoaded' because document has an invalid readyState of 'complete'.
console.error: [Exception... "Component returned failure code: 0x80040111 (NS_ERROR_NOT_AVAILABLE) [nsIContentSniffer.getMIMETypeFromContent]"  nsresult: "0x80040111 (NS_ERROR_NOT_AVAILABLE)"  location: "JS frame :: resource:///modules/FaviconLoader.sys.mjs :: onStopRequest :: line 348"  data: no]
JavaScript error: moz-src:///browser/components/search/SearchOneOffs.sys.mjs, line 392: TypeError: aEngine.getIconURL is not a function
JavaScript warning: https://datalab-staging.unilever.com/public/deohut/static/js/bundle.js, line 150075: Script terminated by timeout at:
persistAppliedTransitions@https://datalab-staging.unilever.com/public/deohut/static/js/bundle.js:150075:1
_saveAppliedTransitions@https://datalab-staging.unilever.com/public/deohut/static/js/bundle.js:146634:68

1773586953024	Marionette	INFO	Stopped listening on port 59822
JavaScript error: resource://gre/modules/PrivateBrowsingUtils.sys.mjs, line 19: TypeError: can't access property "isChromeWindow", aWindow is null
Dynamically enable window occlusion 1
console.warn: TopSitesFeed: Failed to fetch data from MARS server: NetworkError when attempting to fetch resource.
