1773748880914	geckodriver	INFO	Listening on 127.0.0.1:60261
1773748884113	mozrunner::runner	INFO	Running command: "C:\\Program Files\\Mozilla Firefox\\firefox.exe" "--marionette" "--remote-debugging-port" "60262" "--remote-allow-hosts" "localhost" "-no-remote" "-profile" "C:\\Users\\riyam\\AppData\\Local\\Temp\\rust_mozprofilerY5KmZ"
console.warn: services.settings: Ignoring preference override of remote settings server
console.warn: services.settings: Allow by setting MOZ_REMOTE_SETTINGS_DEVTOOLS=1 in the environment
Dynamically enable window occlusion 0
1773748884745	Marionette	INFO	Marionette enabled
1773748884912	Marionette	INFO	Listening on port 55041
Read port: 55041
WebDriver BiDi listening on ws://127.0.0.1:60262
1773748885134	RemoteAgent	WARN	TLS certificate errors will be ignored for this session
1773748889338	Marionette	INFO	Stopped listening on port 55041
JavaScript error: resource://gre/modules/PrivateBrowsingUtils.sys.mjs, line 19: TypeError: can't access property "isChromeWindow", aWindow is null
Dynamically enable window occlusion 1
console.warn: TopSitesFeed: Failed to fetch data from MARS server: NetworkError when attempting to fetch resource.
console.error: services.settings: 
  main/remote-permissions: Signature of bundled changeset is invalid: [Exception... "<no message>"  nsresult: "0x8046001e (<unknown>)"  location: "JS frame :: resource://gre/modules/ServiceRequest.sys.mjs :: open :: line 126"  data: no].
console.error: services.settings: 
  main/doh-providers: Signature of bundled changeset is invalid: [Exception... "<no message>"  nsresult: "0x8046001e (<unknown>)"  location: "JS frame :: resource://gre/modules/ServiceRequest.sys.mjs :: open :: line 126"  data: no].
console.error: services.settings: 
  main/newtab-wallpapers-v2: Signature of bundled changeset is invalid: [Exception... "<no message>"  nsresult: "0x8046001e (<unknown>)"  location: "JS frame :: resource://gre/modules/ServiceRequest.sys.mjs :: open :: line 126"  data: no].
console.error: services.settings: 
  main/message-groups: Signature of bundled changeset is invalid: [Exception... "<no message>"  nsresult: "0x8046001e (<unknown>)"  location: "JS frame :: resource://gre/modules/ServiceRequest.sys.mjs :: open :: line 126"  data: no].
console.error: services.settings: 
  main/doh-config: Signature of bundled changeset is invalid: [Exception... "<no message>"  nsresult: "0x8046001e (<unknown>)"  location: "JS frame :: resource://gre/modules/ServiceRequest.sys.mjs :: open :: line 126"  data: no].
console.error: services.settings: 
  main/fingerprinting-protection-overrides: Signature of bundled changeset is invalid: [Exception... "<no message>"  nsresult: "0x8046001e (<unknown>)"  location: "JS frame :: resource://gre/modules/ServiceRequest.sys.mjs :: open :: line 126"  data: no].
console.error: services.settings: 
  main/partitioning-exempt-urls: Signature of bundled changeset is invalid: [Exception... "<no message>"  nsresult: "0x8046001e (<unknown>)"  location: "JS frame :: resource://gre/modules/ServiceRequest.sys.mjs :: open :: line 126"  data: no].
console.error: services.settings: 
  main/cfr: Signature of bundled changeset is invalid: [Exception... "<no message>"  nsresult: "0x8046001e (<unknown>)"  location: "JS frame :: resource://gre/modules/ServiceRequest.sys.mjs :: open :: line 126"  data: no].
console.error: services.settings: 
  main/normandy-recipes-capabilities: Signature of bundled changeset is invalid: [Exception... "<no message>"  nsresult: "0x8046001e (<unknown>)"  location: "JS frame :: resource://gre/modules/ServiceRequest.sys.mjs :: open :: line 126"  data: no].
console.error: services.settings: 
  main/search-categorization: Signature of bundled changeset is invalid: [Exception... "<no message>"  nsresult: "0x8046001e (<unknown>)"  location: "JS frame :: resource://gre/modules/ServiceRequest.sys.mjs :: open :: line 126"  data: no].
console.error: services.settings: 
  main/third-party-cookie-blocking-exempt-urls: Signature of bundled changeset is invalid: [Exception... "<no message>"  nsresult: "0x8046001e (<unknown>)"  location: "JS frame :: resource://gre/modules/ServiceRequest.sys.mjs :: open :: line 126"  data: no].
console.error: services.settings: 
  main/query-stripping: Signature of bundled changeset is invalid: [Exception... "<no message>"  nsresult: "0x8046001e (<unknown>)"  location: "JS frame :: resource://gre/modules/ServiceRequest.sys.mjs :: open :: line 126"  data: no].
console.error: services.settings: 
Object
  - prototype Object
    - columnNumber = 11
    - data = null
    - filename = resource://gre/modules/ServiceRequest.sys.mjs
    - lineNumber = 126
    - location = {"name":"open","filename":"resource://gre/modules/ServiceRequest.sys.mjs","sourceId":27,"lineNumber":126,"columnNumber":11,"asyncCause":null,"asyncCaller":null,"caller":{"filename":"resource://services-settings/Utils.sys.mjs","name":"fetch/<","sourceId":26,"lineNumber":273,"columnNumber":15,"asyncCause":null,"asyncCaller":null,"caller":{"filename":"resource://services-settings/Utils.sys.mjs","name":"fetch","sourceId":26,"lineNumber":224,"columnNumber":12,"asyncCause":null,"asyncCaller":null,"caller":{"filename":"resource://services-settings/Utils.sys.mjs","name":"fetchLatestChanges","sourceId":26,"lineNumber":435,"columnNumber":34,"asyncCause":null,"asyncCaller":null,"caller":{"filename":"resource://services-settings/RemoteSettingsClient.sys.mjs","name":"sync","sourceId":24,"lineNumber":658,"columnNumber":42,"asyncCause":null,"asyncCaller":null,"caller":{"filename":"resource://services-settings/RemoteSettingsClient.sys.mjs","name":"get/this._importingPromise<","sourceId":24,"lineNumber":496,"columnNumber":28,"asyncCause":null,"asyncCaller":null,"caller":{"filename":"resource://gre/modules/AsyncShutdown.sys.mjs","name":"observe","sourceId":17,"lineNumber":570,"columnNumber":17,"asyncCause":null,"asyncCaller":null,"caller":null,"formattedStack":"observe@resource://gre/modules/AsyncShutdown.sys.mjs:570:17\n","nativeSavedFrame":{}},"formattedStack":"get/this._importingPromise<@resource://services-settings/RemoteSettingsClient.sys.mjs:496:28\nobserve@resource://gre/modules/AsyncShutdown.sys.mjs:570:17\n","nativeSavedFrame":{}},"formattedStack":"sync@resource://services-settings/RemoteSettingsClient.sys.mjs:658:42\nget/this._importingPromise<@resource://services-settings/RemoteSettingsClient.sys.mjs:496:28\nobserve@resource://gre/modules/AsyncShutdown.sys.mjs:570:17\n","nativeSavedFrame":{}},"formattedStack":"fetchLatestChanges@resource://services-settings/Utils.sys.mjs:435:34\nsync@resource://services-settings/RemoteSettingsClient.sys.mjs:658:42\nget/this._importingPromise<@resource://services-settings/RemoteSettingsClient.sys.mjs:496:28\nobserve@resource://gre/modules/AsyncShutdown.sys.mjs:570:17\n","nativeSavedFrame":{}},"formattedStack":"fetch@resource://services-settings/Utils.sys.mjs:224:12\nfetchLatestChanges@resource://services-settings/Utils.sys.mjs:435:34\nsync@resource://services-settings/RemoteSettingsClient.sys.mjs:658:42\nget/this._importingPromise<@resource://services-settings/RemoteSettingsClient.sys.mjs:496:28\nobserve@resource://gre/modules/AsyncShutdown.sys.mjs:570:17\n","nativeSavedFrame":{}},"formattedStack":"fetch/<@resource://services-settings/Utils.sys.mjs:273:15\nfetch@resource://services-settings/Utils.sys.mjs:224:12\nfetchLatestChanges@resource://services-settings/Utils.sys.mjs:435:34\nsync@resource://services-settings/RemoteSettingsClient.sys.mjs:658:42\nget/this._importingPromise<@resource://services-settings/RemoteSettingsClient.sys.mjs:496:28\nobserve@resource://gre/modules/AsyncShutdown.sys.mjs:570:17\n","nativeSavedFrame":{}},"formattedStack":"open@resource://gre/modules/ServiceRequest.sys.mjs:126:11\nfetch/<@resource://services-settings/Utils.sys.mjs:273:15\nfetch@resource://services-settings/Utils.sys.mjs:224:12\nfetchLatestChanges@resource://services-settings/Utils.sys.mjs:435:34\nsync@resource://services-settings/RemoteSettingsClient.sys.mjs:658:42\nget/this._importingPromise<@resource://services-settings/RemoteSettingsClient.sys.mjs:496:28\nobserve@resource://gre/modules/AsyncShutdown.sys.mjs:570:17\n","nativeSavedFrame":{}}
    - message = 
    - name = 
    - result = 2152071198
    - stack = open@resource://gre/modules/ServiceRequest.sys.mjs:126:11|fetch/<@resource://services-settings/Utils.sys.mjs:273:15|fetch@resource://services-settings/Utils.sys.mjs:224:12|fetchLatestChanges@resource://services-settings/Utils.sys.mjs:435:34|sync@resource://services-settings/RemoteSettingsClient.sys.mjs:658:42|get/this._importingPromise<@resource://services-settings/RemoteSettingsClient.sys.mjs:496:28|observe@resource://gre/modules/AsyncShutdown.sys.mjs:570:17|
  - prototype Object
console.error: services.settings: 
Object
  - prototype Object
    - columnNumber = 11
    - data = null
    - filename = resource://gre/modules/ServiceRequest.sys.mjs
    - lineNumber = 126
    - location = {"name":"open","filename":"resource://gre/modules/ServiceRequest.sys.mjs","sourceId":27,"lineNumber":126,"columnNumber":11,"asyncCause":null,"asyncCaller":null,"caller":{"filename":"resource://services-settings/Utils.sys.mjs","name":"fetch/<","sourceId":26,"lineNumber":273,"columnNumber":15,"asyncCause":null,"asyncCaller":null,"caller":{"filename":"resource://services-settings/Utils.sys.mjs","name":"fetch","sourceId":26,"lineNumber":224,"columnNumber":12,"asyncCause":null,"asyncCaller":null,"caller":{"filename":"resource://services-settings/Utils.sys.mjs","name":"fetchLatestChanges","sourceId":26,"lineNumber":435,"columnNumber":34,"asyncCause":null,"asyncCaller":null,"caller":{"filename":"resource://services-settings/RemoteSettingsClient.sys.mjs","name":"sync","sourceId":24,"lineNumber":658,"columnNumber":42,"asyncCause":null,"asyncCaller":null,"caller":{"filename":"resource://services-settings/RemoteSettingsClient.sys.mjs","name":"get/this._importingPromise<","sourceId":24,"lineNumber":496,"columnNumber":28,"asyncCause":null,"asyncCaller":null,"caller":{"filename":"resource://gre/modules/AsyncShutdown.sys.mjs","name":"observe","sourceId":17,"lineNumber":570,"columnNumber":17,"asyncCause":null,"asyncCaller":null,"caller":null,"formattedStack":"observe@resource://gre/modules/AsyncShutdown.sys.mjs:570:17\n","nativeSavedFrame":{}},"formattedStack":"get/this._importingPromise<@resource://services-settings/RemoteSettingsClient.sys.mjs:496:28\nobserve@resource://gre/modules/AsyncShutdown.sys.mjs:570:17\n","nativeSavedFrame":{}},"formattedStack":"sync@resource://services-settings/RemoteSettingsClient.sys.mjs:658:42\nget/this._importingPromise<@resource://services-settings/RemoteSettingsClient.sys.mjs:496:28\nobserve@resource://gre/modules/AsyncShutdown.sys.mjs:570:17\n","nativeSavedFrame":{}},"formattedStack":"fetchLatestChanges@resource://services-settings/Utils.sys.mjs:435:34\nsync@resource://services-settings/RemoteSettingsClient.sys.mjs:658:42\nget/this._importingPromise<@resource://services-settings/RemoteSettingsClient.sys.mjs:496:28\nobserve@resource://gre/modules/AsyncShutdown.sys.mjs:570:17\n","nativeSavedFrame":{}},"formattedStack":"fetch@resource://services-settings/Utils.sys.mjs:224:12\nfetchLatestChanges@resource://services-settings/Utils.sys.mjs:435:34\nsync@resource://services-settings/RemoteSettingsClient.sys.mjs:658:42\nget/this._importingPromise<@resource://services-settings/RemoteSettingsClient.sys.mjs:496:28\nobserve@resource://gre/modules/AsyncShutdown.sys.mjs:570:17\n","nativeSavedFrame":{}},"formattedStack":"fetch/<@resource://services-settings/Utils.sys.mjs:273:15\nfetch@resource://services-settings/Utils.sys.mjs:224:12\nfetchLatestChanges@resource://services-settings/Utils.sys.mjs:435:34\nsync@resource://services-settings/RemoteSettingsClient.sys.mjs:658:42\nget/this._importingPromise<@resource://services-settings/RemoteSettingsClient.sys.mjs:496:28\nobserve@resource://gre/modules/AsyncShutdown.sys.mjs:570:17\n","nativeSavedFrame":{}},"formattedStack":"open@resource://gre/modules/ServiceRequest.sys.mjs:126:11\nfetch/<@resource://services-settings/Utils.sys.mjs:273:15\nfetch@resource://services-settings/Utils.sys.mjs:224:12\nfetchLatestChanges@resource://services-settings/Utils.sys.mjs:435:34\nsync@resource://services-settings/RemoteSettingsClient.sys.mjs:658:42\nget/this._importingPromise<@resource://services-settings/RemoteSettingsClient.sys.mjs:496:28\nobserve@resource://gre/modules/AsyncShutdown.sys.mjs:570:17\n","nativeSavedFrame":{}}
    - message = 
    - name = 
    - result = 2152071198
    - stack = open@resource://gre/modules/ServiceRequest.sys.mjs:126:11|fetch/<@resource://services-settings/Utils.sys.mjs:273:15|fetch@resource://services-settings/Utils.sys.mjs:224:12|fetchLatestChanges@resource://services-settings/Utils.sys.mjs:435:34|sync@resource://services-settings/RemoteSettingsClient.sys.mjs:658:42|get/this._importingPromise<@resource://services-settings/RemoteSettingsClient.sys.mjs:496:28|observe@resource://gre/modules/AsyncShutdown.sys.mjs:570:17|
  - prototype Object
console.error: services.settings: 
Object
  - prototype Object
    - columnNumber = 11
    - data = null
    - filename = resource://gre/modules/ServiceRequest.sys.mjs
    - lineNumber = 126
    - location = {"name":"open","filename":"resource://gre/modules/ServiceRequest.sys.mjs","sourceId":27,"lineNumber":126,"columnNumber":11,"asyncCause":null,"asyncCaller":null,"caller":{"filename":"resource://services-settings/Utils.sys.mjs","name":"fetch/<","sourceId":26,"lineNumber":273,"columnNumber":15,"asyncCause":null,"asyncCaller":null,"caller":{"filename":"resource://services-settings/Utils.sys.mjs","name":"fetch","sourceId":26,"lineNumber":224,"columnNumber":12,"asyncCause":null,"asyncCaller":null,"caller":{"filename":"resource://services-settings/Utils.sys.mjs","name":"fetchLatestChanges","sourceId":26,"lineNumber":435,"columnNumber":34,"asyncCause":null,"asyncCaller":null,"caller":{"filename":"resource://services-settings/RemoteSettingsClient.sys.mjs","name":"sync","sourceId":24,"lineNumber":658,"columnNumber":42,"asyncCause":null,"asyncCaller":null,"caller":{"filename":"resource://services-settings/RemoteSettingsClient.sys.mjs","name":"get/this._importingPromise<","sourceId":24,"lineNumber":496,"columnNumber":28,"asyncCause":null,"asyncCaller":null,"caller":{"filename":"resource://gre/modules/AsyncShutdown.sys.mjs","name":"observe","sourceId":17,"lineNumber":570,"columnNumber":17,"asyncCause":null,"asyncCaller":null,"caller":null,"formattedStack":"observe@resource://gre/modules/AsyncShutdown.sys.mjs:570:17\n","nativeSavedFrame":{}},"formattedStack":"get/this._importingPromise<@resource://services-settings/RemoteSettingsClient.sys.mjs:496:28\nobserve@resource://gre/modules/AsyncShutdown.sys.mjs:570:17\n","nativeSavedFrame":{}},"formattedStack":"sync@resource://services-settings/RemoteSettingsClient.sys.mjs:658:42\nget/this._importingPromise<@resource://services-settings/RemoteSettingsClient.sys.mjs:496:28\nobserve@resource://gre/modules/AsyncShutdown.sys.mjs:570:17\n","nativeSavedFrame":{}},"formattedStack":"fetchLatestChanges@resource://services-settings/Utils.sys.mjs:435:34\nsync@resource://services-settings/RemoteSettingsClient.sys.mjs:658:42\nget/this._importingPromise<@resource://services-settings/RemoteSettingsClient.sys.mjs:496:28\nobserve@resource://gre/modules/AsyncShutdown.sys.mjs:570:17\n","nativeSavedFrame":{}},"formattedStack":"fetch@resource://services-settings/Utils.sys.mjs:224:12\nfetchLatestChanges@resource://services-settings/Utils.sys.mjs:435:34\nsync@resource://services-settings/RemoteSettingsClient.sys.mjs:658:42\nget/this._importingPromise<@resource://services-settings/RemoteSettingsClient.sys.mjs:496:28\nobserve@resource://gre/modules/AsyncShutdown.sys.mjs:570:17\n","nativeSavedFrame":{}},"formattedStack":"fetch/<@resource://services-settings/Utils.sys.mjs:273:15\nfetch@resource://services-settings/Utils.sys.mjs:224:12\nfetchLatestChanges@resource://services-settings/Utils.sys.mjs:435:34\nsync@resource://services-settings/RemoteSettingsClient.sys.mjs:658:42\nget/this._importingPromise<@resource://services-settings/RemoteSettingsClient.sys.mjs:496:28\nobserve@resource://gre/modules/AsyncShutdown.sys.mjs:570:17\n","nativeSavedFrame":{}},"formattedStack":"open@resource://gre/modules/ServiceRequest.sys.mjs:126:11\nfetch/<@resource://services-settings/Utils.sys.mjs:273:15\nfetch@resource://services-settings/Utils.sys.mjs:224:12\nfetchLatestChanges@resource://services-settings/Utils.sys.mjs:435:34\nsync@resource://services-settings/RemoteSettingsClient.sys.mjs:658:42\nget/this._importingPromise<@resource://services-settings/RemoteSettingsClient.sys.mjs:496:28\nobserve@resource://gre/modules/AsyncShutdown.sys.mjs:570:17\n","nativeSavedFrame":{}}
    - message = 
    - name = 
    - result = 2152071198
    - stack = open@resource://gre/modules/ServiceRequest.sys.mjs:126:11|fetch/<@resource://services-settings/Utils.sys.mjs:273:15|fetch@resource://services-settings/Utils.sys.mjs:224:12|fetchLatestChanges@resource://services-settings/Utils.sys.mjs:435:34|sync@resource://services-settings/RemoteSettingsClient.sys.mjs:658:42|get/this._importingPromise<@resource://services-settings/RemoteSettingsClient.sys.mjs:496:28|observe@resource://gre/modules/AsyncShutdown.sys.mjs:570:17|
  - prototype Object
console.error: services.settings: 
Object
  - prototype Object
    - columnNumber = 11
    - data = null
    - filename = resource://gre/modules/ServiceRequest.sys.mjs
    - lineNumber = 126
    - location = {"name":"open","filename":"resource://gre/modules/ServiceRequest.sys.mjs","sourceId":27,"lineNumber":126,"columnNumber":11,"asyncCause":null,"asyncCaller":null,"caller":{"filename":"resource://services-settings/Utils.sys.mjs","name":"fetch/<","sourceId":26,"lineNumber":273,"columnNumber":15,"asyncCause":null,"asyncCaller":null,"caller":{"filename":"resource://services-settings/Utils.sys.mjs","name":"fetch","sourceId":26,"lineNumber":224,"columnNumber":12,"asyncCause":null,"asyncCaller":null,"caller":{"filename":"resource://services-settings/Utils.sys.mjs","name":"fetchLatestChanges","sourceId":26,"lineNumber":435,"columnNumber":34,"asyncCause":null,"asyncCaller":null,"caller":{"filename":"resource://services-settings/RemoteSettingsClient.sys.mjs","name":"sync","sourceId":24,"lineNumber":658,"columnNumber":42,"asyncCause":null,"asyncCaller":null,"caller":{"filename":"resource://services-settings/RemoteSettingsClient.sys.mjs","name":"get/this._importingPromise<","sourceId":24,"lineNumber":496,"columnNumber":28,"asyncCause":null,"asyncCaller":null,"caller":{"filename":"resource://gre/modules/AsyncShutdown.sys.mjs","name":"observe","sourceId":17,"lineNumber":570,"columnNumber":17,"asyncCause":null,"asyncCaller":null,"caller":null,"formattedStack":"observe@resource://gre/modules/AsyncShutdown.sys.mjs:570:17\n","nativeSavedFrame":{}},"formattedStack":"get/this._importingPromise<@resource://services-settings/RemoteSettingsClient.sys.mjs:496:28\nobserve@resource://gre/modules/AsyncShutdown.sys.mjs:570:17\n","nativeSavedFrame":{}},"formattedStack":"sync@resource://services-settings/RemoteSettingsClient.sys.mjs:658:42\nget/this._importingPromise<@resource://services-settings/RemoteSettingsClient.sys.mjs:496:28\nobserve@resource://gre/modules/AsyncShutdown.sys.mjs:570:17\n","nativeSavedFrame":{}},"formattedStack":"fetchLatestChanges@resource://services-settings/Utils.sys.mjs:435:34\nsync@resource://services-settings/RemoteSettingsClient.sys.mjs:658:42\nget/this._importingPromise<@resource://services-settings/RemoteSettingsClient.sys.mjs:496:28\nobserve@resource://gre/modules/AsyncShutdown.sys.mjs:570:17\n","nativeSavedFrame":{}},"formattedStack":"fetch@resource://services-settings/Utils.sys.mjs:224:12\nfetchLatestChanges@resource://services-settings/Utils.sys.mjs:435:34\nsync@resource://services-settings/RemoteSettingsClient.sys.mjs:658:42\nget/this._importingPromise<@resource://services-settings/RemoteSettingsClient.sys.mjs:496:28\nobserve@resource://gre/modules/AsyncShutdown.sys.mjs:570:17\n","nativeSavedFrame":{}},"formattedStack":"fetch/<@resource://services-settings/Utils.sys.mjs:273:15\nfetch@resource://services-settings/Utils.sys.mjs:224:12\nfetchLatestChanges@resource://services-settings/Utils.sys.mjs:435:34\nsync@resource://services-settings/RemoteSettingsClient.sys.mjs:658:42\nget/this._importingPromise<@resource://services-settings/RemoteSettingsClient.sys.mjs:496:28\nobserve@resource://gre/modules/AsyncShutdown.sys.mjs:570:17\n","nativeSavedFrame":{}},"formattedStack":"open@resource://gre/modules/ServiceRequest.sys.mjs:126:11\nfetch/<@resource://services-settings/Utils.sys.mjs:273:15\nfetch@resource://services-settings/Utils.sys.mjs:224:12\nfetchLatestChanges@resource://services-settings/Utils.sys.mjs:435:34\nsync@resource://services-settings/RemoteSettingsClient.sys.mjs:658:42\nget/this._importingPromise<@resource://services-settings/RemoteSettingsClient.sys.mjs:496:28\nobserve@resource://gre/modules/AsyncShutdown.sys.mjs:570:17\n","nativeSavedFrame":{}}
    - message = 
    - name = 
    - result = 2152071198
    - stack = open@resource://gre/modules/ServiceRequest.sys.mjs:126:11|fetch/<@resource://services-settings/Utils.sys.mjs:273:15|fetch@resource://services-settings/Utils.sys.mjs:224:12|fetchLatestChanges@resource://services-settings/Utils.sys.mjs:435:34|sync@resource://services-settings/RemoteSettingsClient.sys.mjs:658:42|get/this._importingPromise<@resource://services-settings/RemoteSettingsClient.sys.mjs:496:28|observe@resource://gre/modules/AsyncShutdown.sys.mjs:570:17|
  - prototype Object
console.error: services.settings: 
Object
  - prototype Object
    - columnNumber = 11
    - data = null
    - filename = resource://gre/modules/ServiceRequest.sys.mjs
    - lineNumber = 126
    - location = {"name":"open","filename":"resource://gre/modules/ServiceRequest.sys.mjs","sourceId":27,"lineNumber":126,"columnNumber":11,"asyncCause":null,"asyncCaller":null,"caller":{"filename":"resource://services-settings/Utils.sys.mjs","name":"fetch/<","sourceId":26,"lineNumber":273,"columnNumber":15,"asyncCause":null,"asyncCaller":null,"caller":{"filename":"resource://services-settings/Utils.sys.mjs","name":"fetch","sourceId":26,"lineNumber":224,"columnNumber":12,"asyncCause":null,"asyncCaller":null,"caller":{"filename":"resource://services-settings/Utils.sys.mjs","name":"fetchLatestChanges","sourceId":26,"lineNumber":435,"columnNumber":34,"asyncCause":null,"asyncCaller":null,"caller":{"filename":"resource://services-settings/RemoteSettingsClient.sys.mjs","name":"sync","sourceId":24,"lineNumber":658,"columnNumber":42,"asyncCause":null,"asyncCaller":null,"caller":{"filename":"resource://services-settings/RemoteSettingsClient.sys.mjs","name":"get/this._importingPromise<","sourceId":24,"lineNumber":496,"columnNumber":28,"asyncCause":null,"asyncCaller":null,"caller":{"filename":"resource://gre/modules/AsyncShutdown.sys.mjs","name":"observe","sourceId":17,"lineNumber":570,"columnNumber":17,"asyncCause":null,"asyncCaller":null,"caller":null,"formattedStack":"observe@resource://gre/modules/AsyncShutdown.sys.mjs:570:17\n","nativeSavedFrame":{}},"formattedStack":"get/this._importingPromise<@resource://services-settings/RemoteSettingsClient.sys.mjs:496:28\nobserve@resource://gre/modules/AsyncShutdown.sys.mjs:570:17\n","nativeSavedFrame":{}},"formattedStack":"sync@resource://services-settings/RemoteSettingsClient.sys.mjs:658:42\nget/this._importingPromise<@resource://services-settings/RemoteSettingsClient.sys.mjs:496:28\nobserve@resource://gre/modules/AsyncShutdown.sys.mjs:570:17\n","nativeSavedFrame":{}},"formattedStack":"fetchLatestChanges@resource://services-settings/Utils.sys.mjs:435:34\nsync@resource://services-settings/RemoteSettingsClient.sys.mjs:658:42\nget/this._importingPromise<@resource://services-settings/RemoteSettingsClient.sys.mjs:496:28\nobserve@resource://gre/modules/AsyncShutdown.sys.mjs:570:17\n","nativeSavedFrame":{}},"formattedStack":"fetch@resource://services-settings/Utils.sys.mjs:224:12\nfetchLatestChanges@resource://services-settings/Utils.sys.mjs:435:34\nsync@resource://services-settings/RemoteSettingsClient.sys.mjs:658:42\nget/this._importingPromise<@resource://services-settings/RemoteSettingsClient.sys.mjs:496:28\nobserve@resource://gre/modules/AsyncShutdown.sys.mjs:570:17\n","nativeSavedFrame":{}},"formattedStack":"fetch/<@resource://services-settings/Utils.sys.mjs:273:15\nfetch@resource://services-settings/Utils.sys.mjs:224:12\nfetchLatestChanges@resource://services-settings/Utils.sys.mjs:435:34\nsync@resource://services-settings/RemoteSettingsClient.sys.mjs:658:42\nget/this._importingPromise<@resource://services-settings/RemoteSettingsClient.sys.mjs:496:28\nobserve@resource://gre/modules/AsyncShutdown.sys.mjs:570:17\n","nativeSavedFrame":{}},"formattedStack":"open@resource://gre/modules/ServiceRequest.sys.mjs:126:11\nfetch/<@resource://services-settings/Utils.sys.mjs:273:15\nfetch@resource://services-settings/Utils.sys.mjs:224:12\nfetchLatestChanges@resource://services-settings/Utils.sys.mjs:435:34\nsync@resource://services-settings/RemoteSettingsClient.sys.mjs:658:42\nget/this._importingPromise<@resource://services-settings/RemoteSettingsClient.sys.mjs:496:28\nobserve@resource://gre/modules/AsyncShutdown.sys.mjs:570:17\n","nativeSavedFrame":{}}
    - message = 
    - name = 
    - result = 2152071198
    - stack = open@resource://gre/modules/ServiceRequest.sys.mjs:126:11|fetch/<@resource://services-settings/Utils.sys.mjs:273:15|fetch@resource://services-settings/Utils.sys.mjs:224:12|fetchLatestChanges@resource://services-settings/Utils.sys.mjs:435:34|sync@resource://services-settings/RemoteSettingsClient.sys.mjs:658:42|get/this._importingPromise<@resource://services-settings/RemoteSettingsClient.sys.mjs:496:28|observe@resource://gre/modules/AsyncShutdown.sys.mjs:570:17|
  - prototype Object
console.error: services.settings: 
Object
  - prototype Object
    - columnNumber = 11
    - data = null
    - filename = resource://gre/modules/ServiceRequest.sys.mjs
    - lineNumber = 126
    - location = {"name":"open","filename":"resource://gre/modules/ServiceRequest.sys.mjs","sourceId":27,"lineNumber":126,"columnNumber":11,"asyncCause":null,"asyncCaller":null,"caller":{"filename":"resource://services-settings/Utils.sys.mjs","name":"fetch/<","sourceId":26,"lineNumber":273,"columnNumber":15,"asyncCause":null,"asyncCaller":null,"caller":{"filename":"resource://services-settings/Utils.sys.mjs","name":"fetch","sourceId":26,"lineNumber":224,"columnNumber":12,"asyncCause":null,"asyncCaller":null,"caller":{"filename":"resource://services-settings/Utils.sys.mjs","name":"fetchLatestChanges","sourceId":26,"lineNumber":435,"columnNumber":34,"asyncCause":null,"asyncCaller":null,"caller":{"filename":"resource://services-settings/RemoteSettingsClient.sys.mjs","name":"sync","sourceId":24,"lineNumber":658,"columnNumber":42,"asyncCause":null,"asyncCaller":null,"caller":{"filename":"resource://services-settings/RemoteSettingsClient.sys.mjs","name":"get/this._importingPromise<","sourceId":24,"lineNumber":496,"columnNumber":28,"asyncCause":null,"asyncCaller":null,"caller":{"filename":"resource://gre/modules/AsyncShutdown.sys.mjs","name":"observe","sourceId":17,"lineNumber":570,"columnNumber":17,"asyncCause":null,"asyncCaller":null,"caller":null,"formattedStack":"observe@resource://gre/modules/AsyncShutdown.sys.mjs:570:17\n","nativeSavedFrame":{}},"formattedStack":"get/this._importingPromise<@resource://services-settings/RemoteSettingsClient.sys.mjs:496:28\nobserve@resource://gre/modules/AsyncShutdown.sys.mjs:570:17\n","nativeSavedFrame":{}},"formattedStack":"sync@resource://services-settings/RemoteSettingsClient.sys.mjs:658:42\nget/this._importingPromise<@resource://services-settings/RemoteSettingsClient.sys.mjs:496:28\nobserve@resource://gre/modules/AsyncShutdown.sys.mjs:570:17\n","nativeSavedFrame":{}},"formattedStack":"fetchLatestChanges@resource://services-settings/Utils.sys.mjs:435:34\nsync@resource://services-settings/RemoteSettingsClient.sys.mjs:658:42\nget/this._importingPromise<@resource://services-settings/RemoteSettingsClient.sys.mjs:496:28\nobserve@resource://gre/modules/AsyncShutdown.sys.mjs:570:17\n","nativeSavedFrame":{}},"formattedStack":"fetch@resource://services-settings/Utils.sys.mjs:224:12\nfetchLatestChanges@resource://services-settings/Utils.sys.mjs:435:34\nsync@resource://services-settings/RemoteSettingsClient.sys.mjs:658:42\nget/this._importingPromise<@resource://services-settings/RemoteSettingsClient.sys.mjs:496:28\nobserve@resource://gre/modules/AsyncShutdown.sys.mjs:570:17\n","nativeSavedFrame":{}},"formattedStack":"fetch/<@resource://services-settings/Utils.sys.mjs:273:15\nfetch@resource://services-settings/Utils.sys.mjs:224:12\nfetchLatestChanges@resource://services-settings/Utils.sys.mjs:435:34\nsync@resource://services-settings/RemoteSettingsClient.sys.mjs:658:42\nget/this._importingPromise<@resource://services-settings/RemoteSettingsClient.sys.mjs:496:28\nobserve@resource://gre/modules/AsyncShutdown.sys.mjs:570:17\n","nativeSavedFrame":{}},"formattedStack":"open@resource://gre/modules/ServiceRequest.sys.mjs:126:11\nfetch/<@resource://services-settings/Utils.sys.mjs:273:15\nfetch@resource://services-settings/Utils.sys.mjs:224:12\nfetchLatestChanges@resource://services-settings/Utils.sys.mjs:435:34\nsync@resource://services-settings/RemoteSettingsClient.sys.mjs:658:42\nget/this._importingPromise<@resource://services-settings/RemoteSettingsClient.sys.mjs:496:28\nobserve@resource://gre/modules/AsyncShutdown.sys.mjs:570:17\n","nativeSavedFrame":{}}
    - message = 
    - name = 
    - result = 2152071198
    - stack = open@resource://gre/modules/ServiceRequest.sys.mjs:126:11|fetch/<@resource://services-settings/Utils.sys.mjs:273:15|fetch@resource://services-settings/Utils.sys.mjs:224:12|fetchLatestChanges@resource://services-settings/Utils.sys.mjs:435:34|sync@resource://services-settings/RemoteSettingsClient.sys.mjs:658:42|get/this._importingPromise<@resource://services-settings/RemoteSettingsClient.sys.mjs:496:28|observe@resource://gre/modules/AsyncShutdown.sys.mjs:570:17|
  - prototype Object
console.error: services.settings: 
Object
  - prototype Object
    - columnNumber = 11
    - data = null
    - filename = resource://gre/modules/ServiceRequest.sys.mjs
    - lineNumber = 126
    - location = {"name":"open","filename":"resource://gre/modules/ServiceRequest.sys.mjs","sourceId":27,"lineNumber":126,"columnNumber":11,"asyncCause":null,"asyncCaller":null,"caller":{"filename":"resource://services-settings/Utils.sys.mjs","name":"fetch/<","sourceId":26,"lineNumber":273,"columnNumber":15,"asyncCause":null,"asyncCaller":null,"caller":{"filename":"resource://services-settings/Utils.sys.mjs","name":"fetch","sourceId":26,"lineNumber":224,"columnNumber":12,"asyncCause":null,"asyncCaller":null,"caller":{"filename":"resource://services-settings/Utils.sys.mjs","name":"fetchLatestChanges","sourceId":26,"lineNumber":435,"columnNumber":34,"asyncCause":null,"asyncCaller":null,"caller":{"filename":"resource://services-settings/RemoteSettingsClient.sys.mjs","name":"sync","sourceId":24,"lineNumber":658,"columnNumber":42,"asyncCause":null,"asyncCaller":null,"caller":{"filename":"resource://services-settings/RemoteSettingsClient.sys.mjs","name":"get/this._importingPromise<","sourceId":24,"lineNumber":496,"columnNumber":28,"asyncCause":null,"asyncCaller":null,"caller":{"filename":"resource://gre/modules/AsyncShutdown.sys.mjs","name":"observe","sourceId":17,"lineNumber":570,"columnNumber":17,"asyncCause":null,"asyncCaller":null,"caller":null,"formattedStack":"observe@resource://gre/modules/AsyncShutdown.sys.mjs:570:17\n","nativeSavedFrame":{}},"formattedStack":"get/this._importingPromise<@resource://services-settings/RemoteSettingsClient.sys.mjs:496:28\nobserve@resource://gre/modules/AsyncShutdown.sys.mjs:570:17\n","nativeSavedFrame":{}},"formattedStack":"sync@resource://services-settings/RemoteSettingsClient.sys.mjs:658:42\nget/this._importingPromise<@resource://services-settings/RemoteSettingsClient.sys.mjs:496:28\nobserve@resource://gre/modules/AsyncShutdown.sys.mjs:570:17\n","nativeSavedFrame":{}},"formattedStack":"fetchLatestChanges@resource://services-settings/Utils.sys.mjs:435:34\nsync@resource://services-settings/RemoteSettingsClient.sys.mjs:658:42\nget/this._importingPromise<@resource://services-settings/RemoteSettingsClient.sys.mjs:496:28\nobserve@resource://gre/modules/AsyncShutdown.sys.mjs:570:17\n","nativeSavedFrame":{}},"formattedStack":"fetch@resource://services-settings/Utils.sys.mjs:224:12\nfetchLatestChanges@resource://services-settings/Utils.sys.mjs:435:34\nsync@resource://services-settings/RemoteSettingsClient.sys.mjs:658:42\nget/this._importingPromise<@resource://services-settings/RemoteSettingsClient.sys.mjs:496:28\nobserve@resource://gre/modules/AsyncShutdown.sys.mjs:570:17\n","nativeSavedFrame":{}},"formattedStack":"fetch/<@resource://services-settings/Utils.sys.mjs:273:15\nfetch@resource://services-settings/Utils.sys.mjs:224:12\nfetchLatestChanges@resource://services-settings/Utils.sys.mjs:435:34\nsync@resource://services-settings/RemoteSettingsClient.sys.mjs:658:42\nget/this._importingPromise<@resource://services-settings/RemoteSettingsClient.sys.mjs:496:28\nobserve@resource://gre/modules/AsyncShutdown.sys.mjs:570:17\n","nativeSavedFrame":{}},"formattedStack":"open@resource://gre/modules/ServiceRequest.sys.mjs:126:11\nfetch/<@resource://services-settings/Utils.sys.mjs:273:15\nfetch@resource://services-settings/Utils.sys.mjs:224:12\nfetchLatestChanges@resource://services-settings/Utils.sys.mjs:435:34\nsync@resource://services-settings/RemoteSettingsClient.sys.mjs:658:42\nget/this._importingPromise<@resource://services-settings/RemoteSettingsClient.sys.mjs:496:28\nobserve@resource://gre/modules/AsyncShutdown.sys.mjs:570:17\n","nativeSavedFrame":{}}
    - message = 
    - name = 
    - result = 2152071198
    - stack = open@resource://gre/modules/ServiceRequest.sys.mjs:126:11|fetch/<@resource://services-settings/Utils.sys.mjs:273:15|fetch@resource://services-settings/Utils.sys.mjs:224:12|fetchLatestChanges@resource://services-settings/Utils.sys.mjs:435:34|sync@resource://services-settings/RemoteSettingsClient.sys.mjs:658:42|get/this._importingPromise<@resource://services-settings/RemoteSettingsClient.sys.mjs:496:28|observe@resource://gre/modules/AsyncShutdown.sys.mjs:570:17|
  - prototype Object
