1774007618778	geckodriver	INFO	Listening on 127.0.0.1:51496
1774007621923	mozrunner::runner	INFO	Running command: "C:\\Program Files\\Mozilla Firefox\\firefox.exe" "--marionette" "--remote-debugging-port" "51497" "--remote-allow-hosts" "localhost" "-no-remote" "-profile" "C:\\Users\\riyam\\AppData\\Local\\Temp\\rust_mozprofilej7GPRw"
console.warn: services.settings: Ignoring preference override of remote settings server
console.warn: services.settings: Allow by setting MOZ_REMOTE_SETTINGS_DEVTOOLS=1 in the environment
Dynamically enable window occlusion 0
1774007622625	Marionette	INFO	Marionette enabled
1774007622891	Marionette	INFO	Listening on port 64523
Read port: 64523
WebDriver BiDi listening on ws://127.0.0.1:51497
1774007623164	RemoteAgent	WARN	TLS certificate errors will be ignored for this session
[GFX1-]: Calling WaitFlushedEvent::Run: is delayed: 2211
JavaScript error: jar:file:///C:/Program%20Files/Mozilla%20Firefox/browser/omni.ja!/chrome/browser/builtin-addons/webcompat/experiment-apis/matchPatterns.js, line 18: NS_ERROR_MALFORMED_URI: 
console.warn: LoginRecipes: "Falling back to a synchronous message for: https://login.microsoftonline.com."
JavaScript warning: https://aadcdn.msftauth.net/shared/1.0/content/js/ConvergedLogin_PCore_fIflx20fIzO_dEWREEldMQ2.js, line 18: Script terminated by timeout at:
a/</e.prototype._numEvents@https://aadcdn.msftauth.net/shared/1.0/content/js/ConvergedLogin_PCore_fIflx20fIzO_dEWREEldMQ2.js:18:156762
a/</e.prototype.hasEvents@https://aadcdn.msftauth.net/shared/1.0/content/js/ConvergedLogin_PCore_fIflx20fIzO_dEWREEldMQ2.js:18:155821
a/</e.prototype.post@https://aadcdn.msftauth.net/shared/1.0/content/js/ConvergedLogin_PCore_fIflx20fIzO_dEWREEldMQ2.js:18:163379
t@https://aadcdn.msftauth.net/shared/1.0/content/js/ConvergedLogin_PCore_fIflx20fIzO_dEWREEldMQ2.js:18:164840

1774007645065	Marionette	INFO	Stopped listening on port 64523
JavaScript error: resource://gre/modules/PrivateBrowsingUtils.sys.mjs, line 19: TypeError: can't access property "isChromeWindow", aWindow is null
Dynamically enable window occlusion 1
console.warn: TopSitesFeed: Failed to fetch data from MARS server: NetworkError when attempting to fetch resource.
