1773587304347	geckodriver	INFO	Listening on 127.0.0.1:53256
1773587307483	mozrunner::runner	INFO	Running command: "C:\\Program Files\\Mozilla Firefox\\firefox.exe" "--marionette" "--remote-debugging-port" "53257" "--remote-allow-hosts" "localhost" "-no-remote" "-profile" "C:\\Users\\riyam\\AppData\\Local\\Temp\\rust_mozprofileGMjQrk"
console.warn: services.settings: Ignoring preference override of remote settings server
console.warn: services.settings: Allow by setting MOZ_REMOTE_SETTINGS_DEVTOOLS=1 in the environment
Dynamically enable window occlusion 0
1773587308122	Marionette	INFO	Marionette enabled
1773587308289	Marionette	INFO	Listening on port 53265
Read port: 53265
WebDriver BiDi listening on ws://127.0.0.1:53257
1773587308522	RemoteAgent	WARN	TLS certificate errors will be ignored for this session
[GFX1-]: Calling WaitFlushedEvent::Run: is delayed: 2086
JavaScript error: jar:file:///C:/Program%20Files/Mozilla%20Firefox/browser/omni.ja!/chrome/browser/builtin-addons/webcompat/experiment-apis/matchPatterns.js, line 18: NS_ERROR_MALFORMED_URI: 
console.warn: LoginRecipes: "Falling back to a synchronous message for: https://login.microsoftonline.com."
console.warn: LoginRecipes: "Falling back to a synchronous message for: https://login.microsoftonline.com."
console.warn: LoginRecipes: "Falling back to a synchronous message for: https://login.microsoftonline.com."
console.error: [Exception... "Component is not available"  nsresult: "0x80040111 (NS_ERROR_NOT_AVAILABLE)"  location: "<unknown>"  data: no]
1773587325962	Marionette	WARN	Ignoring event 'DOMContentLoaded' because document has an invalid readyState of 'complete'.
console.error: [Exception... "Component returned failure code: 0x80040111 (NS_ERROR_NOT_AVAILABLE) [nsIContentSniffer.getMIMETypeFromContent]"  nsresult: "0x80040111 (NS_ERROR_NOT_AVAILABLE)"  location: "JS frame :: resource:///modules/FaviconLoader.sys.mjs :: onStopRequest :: line 348"  data: no]
Exiting due to channel error.
Exiting due to channel error.
