1773994221147	geckodriver	INFO	Listening on 127.0.0.1:55600
1773994224360	mozrunner::runner	INFO	Running command: "C:\\Program Files\\Mozilla Firefox\\firefox.exe" "--marionette" "--remote-debugging-port" "55601" "--remote-allow-hosts" "localhost" "-no-remote" "-profile" "C:\\Users\\riyam\\AppData\\Local\\Temp\\rust_mozprofileyUZg9j"
console.warn: services.settings: Ignoring preference override of remote settings server
console.warn: services.settings: Allow by setting MOZ_REMOTE_SETTINGS_DEVTOOLS=1 in the environment
Dynamically enable window occlusion 0
1773994225010	Marionette	INFO	Marionette enabled
1773994225214	Marionette	INFO	Listening on port 55611
Read port: 55611
WebDriver BiDi listening on ws://127.0.0.1:55601
1773994225510	RemoteAgent	WARN	TLS certificate errors will be ignored for this session
JavaScript error: jar:file:///C:/Program%20Files/Mozilla%20Firefox/browser/omni.ja!/chrome/browser/builtin-addons/webcompat/experiment-apis/matchPatterns.js, line 18: NS_ERROR_MALFORMED_URI: 
JavaScript warning: https://aadcdn.msauth.net/shared/1.0/content/js/ConvergedLogin_PCore_fIflx20fIzO_dEWREEldMQ2.js, line 18: Script terminated by timeout at:
a/</e.prototype._numEvents@https://aadcdn.msauth.net/shared/1.0/content/js/ConvergedLogin_PCore_fIflx20fIzO_dEWREEldMQ2.js:18:156762
a/</e.prototype.hasEvents@https://aadcdn.msauth.net/shared/1.0/content/js/ConvergedLogin_PCore_fIflx20fIzO_dEWREEldMQ2.js:18:155821
a/</e.prototype.post@https://aadcdn.msauth.net/shared/1.0/content/js/ConvergedLogin_PCore_fIflx20fIzO_dEWREEldMQ2.js:18:163379
t@https://aadcdn.msauth.net/shared/1.0/content/js/ConvergedLogin_PCore_fIflx20fIzO_dEWREEldMQ2.js:18:164840

1773994231994	Marionette	INFO	Stopped listening on port 55611
JavaScript error: resource://gre/modules/PrivateBrowsingUtils.sys.mjs, line 19: TypeError: can't access property "isChromeWindow", aWindow is null
Dynamically enable window occlusion 1
console.warn: TopSitesFeed: Failed to fetch data from MARS server: NetworkError when attempting to fetch resource.
